Release 14.7 - xst P.20131013 (nt64)
Copyright (c) 1995-2013 Xilinx, Inc.  All rights reserved.
--> Parameter TMPDIR set to xst/projnav.tmp


Total REAL time to Xst completion: 0.00 secs
Total CPU time to Xst completion: 0.14 secs
 
--> Parameter xsthdpdir set to xst


Total REAL time to Xst completion: 0.00 secs
Total CPU time to Xst completion: 0.14 secs
 
--> Reading design: alu.prj

TABLE OF CONTENTS
  1) Synthesis Options Summary
  2) HDL Compilation
  3) Design Hierarchy Analysis
  4) HDL Analysis
  5) HDL Synthesis
     5.1) HDL Synthesis Report
  6) Advanced HDL Synthesis
     6.1) Advanced HDL Synthesis Report
  7) Low Level Synthesis
  8) Partition Report
  9) Final Report
	9.1) Device utilization summary
	9.2) Partition Resource Summary
	9.3) TIMING REPORT


=========================================================================
*                      Synthesis Options Summary                        *
=========================================================================
---- Source Parameters
Input File Name                    : "alu.prj"
Input Format                       : mixed
Ignore Synthesis Constraint File   : NO

---- Target Parameters
Output File Name                   : "alu"
Output Format                      : NGC
Target Device                      : xc3s700a-4-fg484

---- Source Options
Top Module Name                    : alu
Automatic FSM Extraction           : YES
FSM Encoding Algorithm             : Auto
Safe Implementation                : No
FSM Style                          : LUT
RAM Extraction                     : Yes
RAM Style                          : Auto
ROM Extraction                     : Yes
Mux Style                          : Auto
Decoder Extraction                 : YES
Priority Encoder Extraction        : Yes
Shift Register Extraction          : YES
Logical Shifter Extraction         : YES
XOR Collapsing                     : YES
ROM Style                          : Auto
Mux Extraction                     : Yes
Resource Sharing                   : YES
Asynchronous To Synchronous        : NO
Multiplier Style                   : Auto
Automatic Register Balancing       : No

---- Target Options
Add IO Buffers                     : YES
Global Maximum Fanout              : 100000
Add Generic Clock Buffer(BUFG)     : 24
Register Duplication               : YES
Slice Packing                      : YES
Optimize Instantiated Primitives   : NO
Use Clock Enable                   : Yes
Use Synchronous Set                : Yes
Use Synchronous Reset              : Yes
Pack IO Registers into IOBs        : Auto
Equivalent register Removal        : YES

---- General Options
Optimization Goal                  : Speed
Optimization Effort                : 1
Keep Hierarchy                     : No
Netlist Hierarchy                  : As_Optimized
RTL Output                         : Yes
Global Optimization                : AllClockNets
Read Cores                         : YES
Write Timing Constraints           : NO
Cross Clock Analysis               : NO
Hierarchy Separator                : /
Bus Delimiter                      : <>
Case Specifier                     : Maintain
Slice Utilization Ratio            : 100
BRAM Utilization Ratio             : 100
Verilog 2001                       : YES
Auto BRAM Packing                  : NO
Slice Utilization Ratio Delta      : 5

=========================================================================


=========================================================================
*                          HDL Compilation                              *
=========================================================================
Compiling vhdl file "C:/Users/moham/Desktop/3/code/basic_computer/alu.vhd" in Library work.
Entity <alu> compiled.
Entity <alu> (Architecture <behavioral>) compiled.

=========================================================================
*                     Design Hierarchy Analysis                         *
=========================================================================
Analyzing hierarchy for entity <alu> in library <work> (architecture <behavioral>).


=========================================================================
*                            HDL Analysis                               *
=========================================================================
Analyzing Entity <alu> in library <work> (Architecture <behavioral>).
Entity <alu> analyzed. Unit <alu> generated.


=========================================================================
*                           HDL Synthesis                               *
=========================================================================

Performing bidirectional port resolution...

Synthesizing Unit <alu>.
    Related source file is "C:/Users/moham/Desktop/3/code/basic_computer/alu.vhd".
    Found 16-bit adder for signal <c>.
    Summary:
	inferred   1 Adder/Subtractor(s).
Unit <alu> synthesized.


=========================================================================
HDL Synthesis Report

Macro Statistics
# Adders/Subtractors                                   : 1
 16-bit adder                                          : 1

=========================================================================

=========================================================================
*                       Advanced HDL Synthesis                          *
=========================================================================


=========================================================================
Advanced HDL Synthesis Report

Macro Statistics
# Adders/Subtractors                                   : 1
 16-bit adder                                          : 1

=========================================================================

=========================================================================
*                         Low Level Synthesis                           *
=========================================================================

Optimizing unit <alu> ...

Mapping all equations...
Building and optimizing final netlist ...
Found area constraint ratio of 100 (+ 5) on block alu, actual ratio is 0.

Final Macro Processing ...

=========================================================================
Final Register Report

Found no macro
=========================================================================

=========================================================================
*                           Partition Report                            *
=========================================================================

Partition Implementation Status
-------------------------------

  No Partitions were found in this design.

-------------------------------

=========================================================================
*                            Final Report                               *
=========================================================================
Final Results
RTL Top Level Output File Name     : alu.ngr
Top Level Output File Name         : alu
Output Format                      : NGC
Optimization Goal                  : Speed
Keep Hierarchy                     : No

Design Statistics
# IOs                              : 48

Cell Usage :
# BELS                             : 48
#      GND                         : 1
#      LUT2                        : 16
#      MUXCY                       : 15
#      XORCY                       : 16
# IO Buffers                       : 48
#      IBUF                        : 32
#      OBUF                        : 16
=========================================================================

Device utilization summary:
---------------------------

Selected Device : 3s700afg484-4 

 Number of Slices:                        8  out of   5888     0%  
 Number of 4 input LUTs:                 16  out of  11776     0%  
 Number of IOs:                          48
 Number of bonded IOBs:                  48  out of    372    12%  

---------------------------
Partition Resource Summary:
---------------------------

  No Partitions were found in this design.

---------------------------


=========================================================================
TIMING REPORT

NOTE: THESE TIMING NUMBERS ARE ONLY A SYNTHESIS ESTIMATE.
      FOR ACCURATE TIMING INFORMATION PLEASE REFER TO THE TRACE REPORT
      GENERATED AFTER PLACE-and-ROUTE.

Clock Information:
------------------
No clock signals found in this design

Asynchronous Control Signals Information:
----------------------------------------
No asynchronous control signals found in this design

Timing Summary:
---------------
Speed Grade: -4

   Minimum period: No path found
   Minimum input arrival time before clock: No path found
   Maximum output required time after clock: No path found
   Maximum combinational path delay: 9.386ns

Timing Detail:
--------------
All values displayed in nanoseconds (ns)

=========================================================================
Timing constraint: Default path analysis
  Total number of paths / destination ports: 392 / 16
-------------------------------------------------------------------------
Delay:               9.386ns (Levels of Logic = 19)
  Source:            a<0> (PAD)
  Destination:       c<15> (PAD)

  Data Path: a<0> to c<15>
                                Gate     Net
    Cell:in->out      fanout   Delay   Delay  Logical Name (Net Name)
    ----------------------------------------  ------------
     IBUF:I->O             1   0.849   0.563  a_0_IBUF (a_0_IBUF)
     LUT2:I0->O            1   0.648   0.000  Madd_c_lut<0> (Madd_c_lut<0>)
     MUXCY:S->O            1   0.632   0.000  Madd_c_cy<0> (Madd_c_cy<0>)
     MUXCY:CI->O           1   0.065   0.000  Madd_c_cy<1> (Madd_c_cy<1>)
     MUXCY:CI->O           1   0.065   0.000  Madd_c_cy<2> (Madd_c_cy<2>)
     MUXCY:CI->O           1   0.065   0.000  Madd_c_cy<3> (Madd_c_cy<3>)
     MUXCY:CI->O           1   0.065   0.000  Madd_c_cy<4> (Madd_c_cy<4>)
     MUXCY:CI->O           1   0.065   0.000  Madd_c_cy<5> (Madd_c_cy<5>)
     MUXCY:CI->O           1   0.065   0.000  Madd_c_cy<6> (Madd_c_cy<6>)
     MUXCY:CI->O           1   0.065   0.000  Madd_c_cy<7> (Madd_c_cy<7>)
     MUXCY:CI->O           1   0.065   0.000  Madd_c_cy<8> (Madd_c_cy<8>)
     MUXCY:CI->O           1   0.065   0.000  Madd_c_cy<9> (Madd_c_cy<9>)
     MUXCY:CI->O           1   0.065   0.000  Madd_c_cy<10> (Madd_c_cy<10>)
     MUXCY:CI->O           1   0.065   0.000  Madd_c_cy<11> (Madd_c_cy<11>)
     MUXCY:CI->O           1   0.065   0.000  Madd_c_cy<12> (Madd_c_cy<12>)
     MUXCY:CI->O           1   0.065   0.000  Madd_c_cy<13> (Madd_c_cy<13>)
     MUXCY:CI->O           0   0.065   0.000  Madd_c_cy<14> (Madd_c_cy<14>)
     XORCY:CI->O           1   0.844   0.420  Madd_c_xor<15> (c_15_OBUF)
     OBUF:I->O                 4.520          c_15_OBUF (c<15>)
    ----------------------------------------
    Total                      9.386ns (8.403ns logic, 0.983ns route)
                                       (89.5% logic, 10.5% route)

=========================================================================


Total REAL time to Xst completion: 5.00 secs
Total CPU time to Xst completion: 4.59 secs
 
--> 

Total memory usage is 4481680 kilobytes

Number of errors   :    0 (   0 filtered)
Number of warnings :    0 (   0 filtered)
Number of infos    :    0 (   0 filtered)

